// Jest Snapshot v1, https://goo.gl/fbAQLP

exports[`should render all the styled components and the children 1`] = `
<div
  className="kek"
>
  Yolo
</div>
`;
