// Jest Snapshot v1, https://goo.gl/fbAQLP

exports[`Film card navigation item correctly renders 1`] = `
<li
  className="movie-nav__item"
>
  <a
    className="movie-nav__link"
    href="#"
  >
    Details
  </a>
</li>
`;
