// Jest Snapshot v1, https://goo.gl/fbAQLP

exports[`Genres list item correctly renders 1`] = `
<li
  className="catalog__genres-item "
>
  <a
    className="catalog__genres-link"
    href="#"
    onClick={[Function]}
  >
    Dramas
  </a>
</li>
`;
