// Jest Snapshot v1, https://goo.gl/fbAQLP

exports[`Film page correctly renders 1`] = `
Array [
  <div
    className="visually-hidden"
  >
    <svg
      xmlns="http://www.w3.org/2000/svg"
      xmlnsXlink="http://www.w3.org/1999/xlink"
    >
      <symbol
        id="add"
        viewBox="0 0 19 20"
      >
        <title>
          +
        </title>
        <g
          fill="none"
          fillRule="evenodd"
          id="Page-1"
          stroke="none"
          strokeWidth="1"
        >
          <polygon
            fill="#EEE5B5"
            id="+"
            points="10.777832 11.2880859 10.777832 19.5527344 8.41650391 19.5527344 8.41650391 11.2880859 0.627929688 11.2880859 0.627929688 8.92675781 8.41650391 8.92675781 8.41650391 0.662109375 10.777832 0.662109375 10.777832 8.92675781 18.5664062 8.92675781 18.5664062 11.2880859"
          />
        </g>
      </symbol>
      <symbol
        id="full-screen"
        viewBox="0 0 27 27"
      >
        <path
          clipRule="evenodd"
          d="M23.8571 0H16V3.14286H23.8571V11H27V3.14286V0H23.8571Z"
          fill="#FFF9D9"
          fillOpacity="0.7"
          fillRule="evenodd"
        />
        <path
          clipRule="evenodd"
          d="M27 23.8571V16H23.8571V23.8571H16V27H23.8571H27L27 23.8571Z"
          fill="#FFF9D9"
          fillOpacity="0.7"
          fillRule="evenodd"
        />
        <path
          clipRule="evenodd"
          d="M0 3.14286L0 11H3.14286L3.14286 3.14286L11 3.14286V0H3.14286H0L0 3.14286Z"
          fill="#FFF9D9"
          fillOpacity="0.7"
          fillRule="evenodd"
        />
        <path
          clipRule="evenodd"
          d="M3.14286 27H11V23.8571H3.14286L3.14286 16H0L0 23.8571V27H3.14286Z"
          fill="#FFF9D9"
          fillOpacity="0.7"
          fillRule="evenodd"
        />
      </symbol>
      <symbol
        id="in-list"
        viewBox="0 0 18 14"
      >
        <path
          clipRule="evenodd"
          d="M2.40513 5.35353L6.1818 8.90902L15.5807 0L18 2.80485L6.18935 14L0 8.17346L2.40513 5.35353Z"
          fill="#EEE5B5"
          fillRule="evenodd"
        />
      </symbol>
      <symbol
        id="pause"
        viewBox="0 0 14 21"
      >
        <title>
          Artboard
        </title>
        <g
          fill="none"
          fillRule="evenodd"
          id="Artboard"
          stroke="none"
          strokeWidth="1"
        >
          <polygon
            fill="#EEE5B5"
            fillRule="nonzero"
            id="Line"
            points="0 -1.11910481e-13 4 -1.11910481e-13 4 21 0 21"
          />
          <polygon
            fill="#EEE5B5"
            fillRule="nonzero"
            id="Line"
            points="10 -1.11910481e-13 14 -1.11910481e-13 14 21 10 21"
          />
        </g>
      </symbol>
      <symbol
        id="play-s"
        viewBox="0 0 19 19"
      >
        <path
          clipRule="evenodd"
          d="M0 0L19 9.5L0 19V0Z"
          fill="#EEE5B5"
          fillRule="evenodd"
        />
      </symbol>
    </svg>
  </div>,
  <section
    className="movie-card movie-card--full"
    style={
      Object {
        "background": "#ffffff",
      }
    }
  >
    <div
      className="movie-card__hero"
    >
      <div
        className="movie-card__bg"
      >
        <img
          alt="The Aftermath"
          src="https://m.media-amazon.com/images/M/MV5BNmE1ZGI2ZDctZDQxNC00MmRkLWJkYTQtNmY3YmI5MzlhOTVkXkEyXkFqcGdeQXVyMjc1NDA2OA@@._V1_SY1000_CR0,0,1498,1000_AL_.jpg"
        />
      </div>
      <h1
        className="visually-hidden"
      >
        WTW
      </h1>
      <header
        className="page-header movie-card__head"
      >
        <div
          className="logo"
        >
          <a
            className="logo__link "
            href="/"
            onClick={[Function]}
          >
            <span
              className="logo__letter logo__letter--1"
            >
              W
            </span>
            <span
              className="logo__letter logo__letter--2"
            >
              T
            </span>
            <span
              className="logo__letter logo__letter--3"
            >
              W
            </span>
          </a>
        </div>
        <div
          className="user-block"
        >
          <div
            className="user-block__avatar"
          >
            <img
              alt="User avatar"
              height="63"
              src="img/avatar.jpg"
              width="63"
            />
          </div>
        </div>
      </header>
      <div
        className="movie-card__wrap"
      >
        
        <div
          className="movie-card__desc"
        >
          <h2
            className="movie-card__title"
          >
            The Aftermath
          </h2>
          <p
            className="movie-card__meta"
          >
            <span
              className="movie-card__genre"
            >
              Drama, Romance, War
            </span>
            <span
              className="movie-card__year"
            >
              2019
            </span>
          </p>
          <div
            className="movie-card__buttons"
          >
            <button
              className="btn btn--play movie-card__button"
              onClick={[Function]}
              type="button"
            >
              <svg
                height="19"
                viewBox="0 0 19 19"
                width="19"
              >
                <use
                  xlinkHref="#play-s"
                />
              </svg>
              <span>
                Play
              </span>
            </button>
            <button
              className="btn btn--list movie-card__button"
              onClick={[Function]}
              type="button"
            >
              <svg
                height="20"
                viewBox="0 0 19 20"
                width="19"
              >
                <use
                  xlinkHref="#add"
                />
              </svg>
              <span>
                My list
              </span>
            </button>
            <a
              className="btn movie-card__button"
              href="/film/0/review"
              onClick={[Function]}
            >
              Add review
            </a>
          </div>
        </div>
      </div>
    </div>
    <div
      className="movie-card__wrap movie-card__translate-top"
    >
      <div
        className="movie-card__info"
      >
        <div
          className="movie-card__poster movie-card__poster--big"
        >
          <img
            alt="The Aftermath poster"
            height="327"
            src="https://m.media-amazon.com/images/M/MV5BMTk2MDEyNTE5M15BMl5BanBnXkFtZTgwMzY1NDM4NjM@._V1_SY1000_CR0,0,674,1000_AL_.jpg"
            width="218"
          />
        </div>
        <div
          className="movie-card__desc"
        >
          <nav
            className="movie-nav movie-card__nav"
          >
            <ul
              className="movie-nav__list"
            >
              <li
                className="movie-nav__item"
              >
                <a
                  aria-current={null}
                  className="movie-nav__link"
                  href="/film/0/"
                  onClick={[Function]}
                >
                  Overview
                </a>
              </li>
              <li
                className="movie-nav__item"
              >
                <a
                  aria-current={null}
                  className="movie-nav__link"
                  href="/film/0/details"
                  onClick={[Function]}
                >
                  Details
                </a>
              </li>
              <li
                className="movie-nav__item"
              >
                <a
                  aria-current={null}
                  className="movie-nav__link"
                  href="/film/0/reviews"
                  onClick={[Function]}
                >
                  Reviews
                </a>
              </li>
            </ul>
          </nav>
        </div>
      </div>
    </div>
  </section>,
  <div
    className="page-content"
  >
    <section
      className="catalog catalog--like-this"
    >
      <h2
        className="catalog__title"
      >
        More like this
      </h2>
      <div
        className="catalog__movies-list"
      >
        <article
          className="small-movie-card catalog__movies-card"
          onClick={[Function]}
          onMouseEnter={[Function]}
          onMouseLeave={[Function]}
        >
          <div
            className="small-movie-card__image"
          >
            <video
              className=""
              height="175"
              loop={true}
              muted={true}
              poster="https://st.kp.yandex.net/images/film_iphone/iphone360_996027.jpg"
              src="https://youtu.be/FPv3e2FZOgo"
              width="280"
            />
          </div>
          <h3
            className="small-movie-card__title"
          >
            <a
              className="small-movie-card__link"
              href="movie-page.html"
            >
              The Professor and the Madman
            </a>
          </h3>
        </article>
        <article
          className="small-movie-card catalog__movies-card"
          onClick={[Function]}
          onMouseEnter={[Function]}
          onMouseLeave={[Function]}
        >
          <div
            className="small-movie-card__image"
          >
            <video
              className=""
              height="175"
              loop={true}
              muted={true}
              poster="https://st.kp.yandex.net/images/film_iphone/iphone360_1151373.jpg"
              src="https://youtu.be/XtgCqMZofqM"
              width="280"
            />
          </div>
          <h3
            className="small-movie-card__title"
          >
            <a
              className="small-movie-card__link"
              href="movie-page.html"
            >
              Five Feet Apart
            </a>
          </h3>
        </article>
      </div>
      <div
        className="catalog__more visually-hidden"
      >
        <button
          className="catalog__button"
          type="button"
        >
          Show more
        </button>
      </div>
    </section>
    <footer
      className="page-footer"
    >
      <div
        className="logo"
      >
        <a
          className="logo__link logo__link--light"
        >
          <span
            className="logo__letter logo__letter--1"
          >
            W
          </span>
          <span
            className="logo__letter logo__letter--2"
          >
            T
          </span>
          <span
            className="logo__letter logo__letter--3"
          >
            W
          </span>
        </a>
      </div>
      <div
        className="copyright"
      >
        <p>
          © 2019 What to watch Ltd.
        </p>
      </div>
    </footer>
  </div>,
]
`;
